// Jest Snapshot v1, https://goo.gl/fbAQLP

exports[`<Bolt /> should should render div with theme 1`] = `
.c0 {
  position: absolute;
  top: 50%;
  left: 50%;
  margin: -0.25em 0 0 -0.125em;
  color: grey;
  opacity: 0.3;
  -webkit-animation: iiNwHN 2s linear infinite;
  animation: iiNwHN 2s linear infinite;
}

.c0:nth-child(2) {
  width: 0.5em;
  height: 0.25em;
  margin: -1.75em 0 0 -1.875em;
  -webkit-transform: translate(2.5em,2.25em);
  -ms-transform: translate(2.5em,2.25em);
  transform: translate(2.5em,2.25em);
  opacity: 0.2;
  -webkit-animation: iiNwHN 1.5s linear infinite;
  animation: iiNwHN 1.5s linear infinite;
}

.c0:before,
.c0:after {
  content: '';
  position: absolute;
  z-index: 2;
  top: 50%;
  left: 50%;
  margin: -1.625em 0 0 -1.0125em;
  border-top: 1.25em solid transparent;
  border-right: 0.75em solid;
  border-bottom: 0.75em solid;
  border-left: 0.5em solid transparent;
  -webkit-transform: skewX(-10deg);
  -ms-transform: skewX(-10deg);
  transform: skewX(-10deg);
}

.c0:after {
  margin: -0.25em 0 0 -0.25em;
  border-top: 0.75em solid;
  border-right: 0.5em solid transparent;
  border-bottom: 1.25em solid transparent;
  border-left: 0.75em solid;
  -webkit-transform: skewX(-10deg);
  -ms-transform: skewX(-10deg);
  transform: skewX(-10deg);
}

.c0:nth-child(2):before {
  margin: -0.75em 0 0 -0.5em;
  border-top: 0.625em solid transparent;
  border-right: 0.375em solid;
  border-bottom: 0.375em solid;
  border-left: 0.25em solid transparent;
}

.c0:nth-child(2):after {
  margin: -0.125em 0 0 -0.125em;
  border-top: 0.375em solid;
  border-right: 0.25em solid transparent;
  border-bottom: 0.625em solid transparent;
  border-left: 0.375em solid;
}

<div
  className="c0"
  data-e2e="bolt"
/>
`;
