// Jest Snapshot v1, https://goo.gl/fbAQLP

exports[`<Icon /> should render WeatherContainer 1`] = `
<div
  className="sc-bdVaJa iXOemQ"
  size={1}
/>
`;
