// Jest Snapshot v1, https://goo.gl/fbAQLP

exports[`<WeatherContainer /> should should render div with theme 1`] = `
.c0 {
  position: absolute;
  z-index: 2;
  top: 50%;
  left: 50%;
  width: 3.75em;
  height: 3.75em;
  margin: 0.375em 0 0 -2em;
  background: red;
}

<div
  className="c0"
/>
`;
